// Jest Snapshot v1, https://goo.gl/fbAQLP

exports[`Should render the ExpenseListItem 1`] = `
<div>
  <h3>
    <Link
      to="/edit/1"
    >
      Description: 
      Gum
    </Link>
  </h3>
  <p>
    Amount: 
    $1.95
  </p>
  <p>
    Date created: 
    31st, December, 1969
  </p>
  <br />
</div>
`;
